clean-text	CLEAN	2000	3	1	EL1,BOOT,G1PASS,G1DONE	-	-	-	[   0.200000] [0] INFO  Boot  Boot sequence complete	[   6.100000] [0] INFO  Ipc   Bench main: server ready, starting IPC benchmark	[   7.000000] [0] INFO  Sched Load balance: migrated tid=8 from CPU 0 to CPU 1
clean-text-log-only	CLEAN	1000	2	-	EL1,BOOT,G1PASS,G1DONE	-	log-only: no harness timing, a late heartbeat stall is undetectable	-	-	-	[   0.200000] [0] INFO  Boot  Boot sequence complete
clean-gpu	CLEAN	1000	2	5	EL1,BOOT,G1DONE,GPU,INPUT,HANDOFF	-	-	-	[   0.300000] [0] INFO  Gpu   GpuReady	[   0.310000] [0] INFO  Input InputReady	[   0.320000] [0] INFO  Gpu   display handoff complete
gpu-markers-missing	WEDGE	1000	2	5	EL1,BOOT,G1DONE,GPU	no	gpu markers missing: InputReady,display handoff	-	-	[   0.200000] [0] INFO  Boot  Boot sequence complete	[   0.300000] [0] INFO  Gpu   GpuReady
gpu-markers-missing-log-only	CLEAN	1000	2	-	G1DONE	-	log-only: no harness timing, a late heartbeat stall is undetectable	-	-	-	-
pczero-elr-inline	PCZERO	1000	2	72	-	no	after heartbeat tick 1000	EXCEPTION[CPU 1]: Synchronous ESR=0x86000006 EC=0x21 FAR=0x0000000000000000 ELR=0x0000000000000000	-	-	[   3.000000] [1] INFO  Sched switch to tid 9
pczero-split-elr	PCZERO	0	1	-	-	-	after heartbeat tick 0	EXCEPTION[CPU 2]: Synchronous exception / ESR=0x86000006 EC=0x21 FAR=0x0 ELR=0x0000000000000000	-	-	-
pczero-ec20-far0	PCZERO	0	1	-	-	-	after heartbeat tick 0	EXCEPTION[CPU 0]: Synchronous ESR=0x82000006 EC=0x20 FAR=0x0000000000000000	-	-	-
pczero-inst-abort-line	PCZERO	1000	2	-	-	-	report prefix split by other output; after heartbeat tick 1000	Instruction Abort at 0x0000000000000000	-	-	-
pczero-window-inst-abort	PCZERO	0	1	-	-	-	after heartbeat tick 0	EXCEPTION[CPU 3]: Synchronous / Instruction Abort at 0x0000000000000000	-	-	-
exception-window-elr-nonzero	EXCEPTION	0	1	-	-	-	after heartbeat tick 0	EXCEPTION[CPU 3]: Synchronous exception / ESR=0x96000045 EC=0x25 FAR=0x519 ELR=0xffff000000081234	-	-	-
panic-with-message	PANIC	1000	2	-	-	no	after heartbeat tick 1000	PANIC: panicked at kernel/src/sched/mod.rs:120:9: / assertion failed: thread.state == Ready	-	-	[   2.000000] [0] INFO  Mm    frame allocator ready
panic-last-line	PANIC	-	0	-	-	-	before the first heartbeat	PANIC: panicked at kernel/src/mm/slab.rs:40:5:	-	-	-
panic-then-meta	PANIC	0	1	74	-	-	after heartbeat tick 0	PANIC: panicked at kernel/src/ipc/mod.rs:88:13:	-	-	-
exception-el1	EXCEPTION	0	1	-	EL1	no	after heartbeat tick 0	EXCEPTION[CPU 0]: Synchronous ESR=0x96000045 EC=0x25 FAR=0x519 ELR=0xffff000000081234	-	-	[   6.600000] [0] INFO  Ipc   Bench main: server ready, starting IPC benchmark
exception-el0-data	EXCEPTION	0	1	-	-	-	after heartbeat tick 0	DATA ABORT (EL0): FAR=0x0000000000001000 ELR=0x0000000000400100	-	-	-
exception-el0-inst	EXCEPTION	-	0	-	-	-	before the first heartbeat	INST ABORT (EL0): FAR=0x0000000000000040	-	-	-
exception-el0-unknown	EXCEPTION	1000	2	-	-	-	after heartbeat tick 1000	UNKNOWN EXCEPTION (EL0) EC=0x3f	-	-	-
edk2-after-stub	EXCEPTION	-	0	-	-	-	edk2-format report from the firmware or UEFI stub; before the first heartbeat	Synchronous Exception at 0x00000000BF7A1234	-	-	-
edk2-before-stub	INCONCLUSIVE	-	0	75	-	-	UEFI stub never ran, not a boot result; edk2-format report from the firmware	Synchronous Exception at 0x00000000BFE01234	-	-	-
split-prefix-fields	EXCEPTION	1000	2	-	-	-	report prefix split by other output; after heartbeat tick 1000	cpu0 noise ESR=0x96000045 EC=0x25 FAR=0x10 ELR=0xffff0000000812a4	-	-	-
el0-fields-only	EXCEPTION	0	1	-	-	-	report prefix split by other output; after heartbeat tick 0	garbled (EL0): FAR=0x0000000000001234	-	-	-
data-abort-no-report	EXCEPTION	1000	2	-	-	no	report prefix split by other output; after heartbeat tick 1000	Data Abort at 0x0000000000000519	-	[   3.000000] [0] INFO  Ipc   one	[   3.100000] [0] INFO  Ipc   two
data-abort-after-report	EXCEPTION	0	1	-	-	-	after heartbeat tick 0	EXCEPTION[CPU 1]: Synchronous ESR=0x96000045 EC=0x25 FAR=0x519 ELR=0xffff000000081234	-	-	-
multiple-fatal	PANIC	1000	2	-	-	-	after heartbeat tick 1000; 2 fatal reports	PANIC: panicked at kernel/src/cap/mod.rs:39:5: / lock re-entry	-	-	-
fatal-before-heartbeat	EXCEPTION	-	0	-	-	-	before the first heartbeat	EXCEPTION[CPU 0]: Synchronous ESR=0x96000045 EC=0x25 FAR=0x519 ELR=0xffff000000081234	-	-	-
stub-never-ran-rc0	INCONCLUSIVE	-	0	75	-	-	UEFI stub never ran, not a boot result; qemu exited before the time limit (rc=1)	-	-	-	-
stub-never-ran-empty	INCONCLUSIVE	-	0	-	-	-	UEFI stub never ran, not a boot result	-	-	-	-
signaled	INCONCLUSIVE	1000	2	46	-	-	QEMU killed by signal 11 after 30s (rc=139), not a boot result	-	-	-	-
rc137-before-limit	INCONCLUSIVE	0	1	74	-	-	QEMU killed by signal 9 after 40s (rc=137), not a boot result	-	-	-	-
rc137-at-limit-clean	CLEAN	1000	2	1	G1DONE	-	-	-	-	-	-
early-exit-rc1	WEDGE	1000	2	36	G1DONE	-	heartbeat stopped at tick 1000, silent 36s before the end (limit 15s); qemu exited before the time limit (rc=1)	-	-	-	-
early-exit-rc0-clean	CLEAN	1000	2	6	G1DONE	-	qemu exited before the time limit (rc=0)	-	-	-	-
nohb-boot-complete	WEDGE	-	0	74	EL1,BOOT	no	no heartbeat after boot sequence complete	-	-	-	[   0.200000] [0] INFO  Boot  Boot sequence complete
nohb-boot-incomplete	WEDGE	-	0	74	-	no	no heartbeat; boot sequence incomplete	-	-	-	[   0.100000] [0] INFO  Mm    frame allocator ready
nohb-kernel-never-started	WEDGE	-	0	75	-	-	no heartbeat; kernel never started	-	-	-	-
nohb-cut-short-kstart	INCONCLUSIVE	-	0	5	-	-	cut short: no heartbeat; boot sequence incomplete, only 5s since the kernel started (limit 15s)	-	-	-	-
nohb-cut-short-qemu-start	INCONCLUSIVE	-	0	10	-	-	cut short: no heartbeat; kernel never started, only 10s since QEMU started (limit 15s)	-	-	-	-
nohb-log-only	WEDGE	-	0	-	-	-	no heartbeat; boot sequence incomplete	-	-	-	-
tick0-after-bench	WEDGE	0	1	69	EL1,BOOT	no	heartbeat stuck at tick 0 after the Gate 1 bench started	-	-	[   0.200000] [0] INFO  Boot  Boot sequence complete	[   6.613544] [0] INFO  Ipc   Bench main: server ready, starting IPC benchmark
tick0-never-advanced	WEDGE	0	1	74	-	-	heartbeat never advanced past tick 0	-	-	-	-
tick0-cut-short	INCONCLUSIVE	0	1	9	-	-	cut short: heartbeat never advanced past tick 0, only 9s before the end (limit 15s)	-	-	-	-
tick0-log-only-lb-yes	WEDGE	0	1	-	-	yes	heartbeat never advanced past tick 0	-	-	-	[   5.901378] [0] INFO  Sched Load balance: migrated tid=8 from CPU 0 to CPU 1
hb-stopped	WEDGE	2000	3	35	G1DONE	no	heartbeat stopped at tick 2000, silent 35s before the end (limit 15s)	-	-	-	[   9.000000] [0] INFO  Sched idle
bench-never-completed	WEDGE	2000	3	1	-	-	heartbeat alive but the Gate 1 bench never completed	-	-	-	-
bench-never-started	WEDGE	1000	2	1	-	-	heartbeat alive but the Gate 1 bench never started	-	-	-	-
bench-cut-short	INCONCLUSIVE	1000	2	1	-	-	cut short: heartbeat alive but the Gate 1 bench never completed, only 10s since the bench header (limit 15s)	-	-	-	-
bench-never-started-cut-short	INCONCLUSIVE	1000	2	1	-	-	cut short: heartbeat alive but the Gate 1 bench never started, only 5s since the first heartbeat (limit 15s)	-	-	-	-
bench-never-completed-log-only	WEDGE	1000	2	-	-	-	heartbeat alive but the Gate 1 bench never completed	-	-	-	-
hb-max-gap-note	CLEAN	1000	2	1	G1DONE	-	heartbeat paused 20s after the bench completed	-	-	-	-
booted-twice	CLEAN	1000	3	1	G1DONE	-	guest booted 2 times	-	-	-	-
wedge-lb-no	WEDGE	0	1	69	-	no	heartbeat stuck at tick 0 after the Gate 1 bench started	-	-	-	[   6.613322] [0] INFO  Ipc   Channel 6 created (unchecked) by thread 18
exception-no-info	EXCEPTION	-	0	-	-	-	before the first heartbeat	EXCEPTION[CPU 0]: Synchronous ESR=0x96000045 EC=0x25 FAR=0x519 ELR=0xffff000000081234	-	-	-
info-frozen-at-fatal	PANIC	0	1	-	-	yes	after heartbeat tick 0	PANIC: panicked at kernel/src/sched/mod.rs:1:1: / boom	[   2.000000] [0] INFO  Mm    two	[   3.000000] [0] INFO  Mm    three	[   4.000000] [0] INFO  Sched Load balance: migrated tid=4 from CPU 0 to CPU 2
ansi-escapes	CLEAN	1000	2	-	G1DONE	-	log-only: no harness timing, a late heartbeat stall is undetectable	-	-	-	-
nul-cr-bytes	CLEAN	1000	2	-	G1DONE	-	log-only: no harness timing, a late heartbeat stall is undetectable	-	-	-	-
clip-first-200	EXCEPTION	-	0	-	-	-	before the first heartbeat	EXCEPTION[CPU 0]: Synchronous ESR=0x96000045 EC=0x25 FAR=0x519 ELR=0xffff000000081234 aaaaaaaaaaaaaaaaaaaaaaaaaaaaaaaaaaaaaaaaaaaaaaaaaaaaaaaaaaaaaaaaaaaaaaaaaaaaaaaaaaaaaaaaaaaaaaaaaaaaaaaaaaaaaaaaaa...	-	-	-
clip-multibyte	PANIC	-	0	-	-	-	before the first heartbeat	PANIC: panicked at kernel/src/x.rs:1:1: aaaaaaaaaaaaaaaaaaaaaaaaaaaaaaaaaaaaaaaaaaaaaaaaaaaaaaaaaaaaaaaaaaaaaaaaaaaaaaaaaaaaaaaaaaaaaaaaaaaaaaaaaaaaaaaaaaaaaaaaaaaaaaaaaaaaaaaaaaaaaaaaaaaaaaaaaaaaaaa√...	-	-	-
clip-info-160	WEDGE	0	1	-	-	no	heartbeat stuck at tick 0 after the Gate 1 bench started	-	-	-	[   1.000000] [0] INFO  Mm    bbbbbbbbbbbbbbbbbbbbbbbbbbbbbbbbbbbbbbbbbbbbbbbbbbbbbbbbbbbbbbbbbbbbbbbbbbbbbbbbbbbbbbbbbbbbbbbbbbbbbbbbbbbbbbbbbbbbbbbbbbbbbbbbbb...
tabs-in-fatal	PANIC	-	0	-	-	-	before the first heartbeat	PANIC: panicked at kernel/src/y.rs:2:2: with tabs	-	-	-
stall-override-wedge	WEDGE	1000	2	10	-	-	heartbeat stopped at tick 1000, silent 10s before the end (limit 5s)	-	-	-	-
stall-override-default	WEDGE	1000	2	10	-	-	heartbeat alive but the Gate 1 bench never started	-	-	-	-
older-footer	WEDGE	1000	2	-	-	-	heartbeat alive but the Gate 1 bench never started	-	-	-	-
footer-odd-fields	CLEAN	1000	2	1	G1DONE	-	-	-	-	-	-
heartbeat-inline	CLEAN	12345	2	-	G1DONE	-	log-only: no harness timing, a late heartbeat stall is undetectable	-	-	-	-
window-priority	PCZERO	0	1	-	-	-	after heartbeat tick 0; 2 fatal reports	EXCEPTION[CPU 1]: Synchronous exception / ESR=0x86000006 EC=0x21 FAR=0x0 ELR=0x0000000000000000	-	-	-
rc-empty	CLEAN	1000	2	1	G1DONE	-	-	-	-	-	-
elapsed-over-secs	CLEAN	1000	2	0	G1DONE	-	-	-	-	-	-
boot-el-spacing	WEDGE	-	0	-	EL1	-	no heartbeat; boot sequence incomplete	-	-	-	-
gate1-pass-spacing	WEDGE	-	0	-	G1PASS	-	no heartbeat; kernel never started	-	-	-	-
pr168-n01-nostub-rc124	INCONCLUSIVE	-	0	75	-	-	UEFI stub never ran, not a boot result	-	-	-	-
pr168-n02-nostub-rc137	INCONCLUSIVE	-	0	75	-	-	UEFI stub never ran, not a boot result	-	-	-	-
pr168-n03-nostub-rc0-early	INCONCLUSIVE	-	0	75	-	-	UEFI stub never ran, not a boot result; qemu exited before the time limit (rc=0)	-	-	-	-
pr168-n04-nostub-edk2-exc	INCONCLUSIVE	-	0	75	-	-	UEFI stub never ran, not a boot result; edk2-format report from the firmware	Synchronous Exception at 0x00000000BF5A1234	-	-	-
pr168-n05-nostub-logonly	INCONCLUSIVE	-	0	-	-	-	UEFI stub never ran, not a boot result	-	-	-	-
pr168-n06-stub-no-kernel	WEDGE	-	0	75	-	-	no heartbeat; kernel never started	-	-	-	-
pr168-n07-stub-panic	WEDGE	-	0	75	-	-	no heartbeat; kernel never started	-	-	-	-
pr168-n08-stub-edk2-exc	EXCEPTION	-	0	75	-	-	edk2-format report from the firmware or UEFI stub; before the first heartbeat	Synchronous Exception at 0x00000000BF5A1234	-	-	-
pr168-n09-killafter-stall5	CLEAN	3000	4	0	EL1,BOOT,G1PASS,G1DONE	-	-	-	[   5.6] [0] INFO  Boot  AIOS kernel booting...	[   5.6] [0] INFO  Boot  EL: 1	[   5.7] [0] INFO  Boot  Boot sequence complete, entering scheduler
pr168-n10-stall-eq-limit	CLEAN	3000	4	15	EL1,BOOT,G1PASS,G1DONE	-	-	-	[   5.6] [0] INFO  Boot  AIOS kernel booting...	[   5.6] [0] INFO  Boot  EL: 1	[   5.7] [0] INFO  Boot  Boot sequence complete, entering scheduler
pr168-n11-stall-over-limit	WEDGE	3000	4	16	EL1,BOOT,G1PASS,G1DONE	no	heartbeat stopped at tick 3000, silent 16s before the end (limit 15s)	-	[   5.6] [0] INFO  Boot  AIOS kernel booting...	[   5.6] [0] INFO  Boot  EL: 1	[   5.7] [0] INFO  Boot  Boot sequence complete, entering scheduler
pr168-n12-adv-after-secs	CLEAN	3000	4	0	EL1,BOOT,G1PASS,G1DONE	-	-	-	[   5.6] [0] INFO  Boot  AIOS kernel booting...	[   5.6] [0] INFO  Boot  EL: 1	[   5.7] [0] INFO  Boot  Boot sequence complete, entering scheduler
pr168-n13-rc137-early	INCONCLUSIVE	3000	4	35	EL1,BOOT,G1PASS,G1DONE	-	QEMU killed by signal 9 after 40s (rc=137), not a boot result	-	[   5.6] [0] INFO  Boot  AIOS kernel booting...	[   5.6] [0] INFO  Boot  EL: 1	[   5.7] [0] INFO  Boot  Boot sequence complete, entering scheduler
pr168-n14-rc134-abort	INCONCLUSIVE	3000	4	45	EL1,BOOT,G1PASS,G1DONE	-	QEMU killed by signal 6 after 30s (rc=134), not a boot result	-	[   5.6] [0] INFO  Boot  AIOS kernel booting...	[   5.6] [0] INFO  Boot  EL: 1	[   5.7] [0] INFO  Boot  Boot sequence complete, entering scheduler
pr168-n15-rc139-after-exc	EXCEPTION	0	1	69	EL1,BOOT	no	after heartbeat tick 0; qemu exited before the time limit (rc=139, signal 11)	EXCEPTION[CPU 1]: ESR=0x0000000096000006 EC=0x0000000000000025 FAR=0x0000000000000519 ELR=0xffff00000008ad58	[   5.6] [0] INFO  Boot  AIOS kernel booting...	[   5.6] [0] INFO  Boot  EL: 1	[   5.7] [0] INFO  Boot  Boot sequence complete, entering scheduler
pr168-n16-rc1-early-kernel	WEDGE	3000	4	45	EL1,BOOT,G1PASS,G1DONE	no	heartbeat stopped at tick 3000, silent 45s before the end (limit 15s); qemu exited before the time limit (rc=1)	-	[   5.6] [0] INFO  Boot  AIOS kernel booting...	[   5.6] [0] INFO  Boot  EL: 1	[   5.7] [0] INFO  Boot  Boot sequence complete, entering scheduler
pr168-n17-rc124-short-elapsed	CLEAN	3000	4	0	EL1,BOOT,G1PASS,G1DONE	-	-	-	[   5.6] [0] INFO  Boot  AIOS kernel booting...	[   5.6] [0] INFO  Boot  EL: 1	[   5.7] [0] INFO  Boot  Boot sequence complete, entering scheduler
pr168-n18-split-prefix-pc0	PCZERO	3000	5	0	EL1,BOOT,G1PASS,G1DONE	no	report prefix split by other output; after heartbeat tick 1000	TION[CPU 1]: ESR=0x0000000086000006 EC=0x0000000000000021 FAR=0x0000000000000000 ELR=0x0000000000000000	[   5.6] [0] INFO  Boot  AIOS kernel booting...	[   5.6] [0] INFO  Boot  EL: 1	[   5.7] [0] INFO  Boot  Boot sequence complete, entering scheduler
pr168-n19-split-mid-esr	EXCEPTION	3000	5	0	EL1,BOOT,G1PASS,G1DONE	no	after heartbeat tick 1000	EXCEPTION[CPU 2]: ES[heartbeat] tick=1000 / R=0x0000000096000006 EC=0x0000000000000025 FAR=0x0000000000000519 ELR=0xffff00000008ad58	[   5.6] [0] INFO  Boot  AIOS kernel booting...	[   5.6] [0] INFO  Boot  EL: 1	[   5.7] [0] INFO  Boot  Boot sequence complete, entering scheduler
pr168-n20-orphan-iabort-pc0	PCZERO	3000	6	0	EL1,BOOT,G1PASS,G1DONE	yes	report prefix split by other output; after heartbeat tick 2000	Instruction Abort at 0x0000000000000000	[   5.6] [0] INFO  Boot  EL: 1	[   5.7] [0] INFO  Boot  Boot sequence complete, entering scheduler	[   8.1] [0] INFO  Sched  Load balance: migrated 1
pr168-n21-orphan-dabort	EXCEPTION	3000	4	0	EL1,BOOT,G1PASS,G1DONE	no	report prefix split by other output; after heartbeat tick 0	Data Abort at 0x0000000000000519	[   5.6] [0] INFO  Boot  AIOS kernel booting...	[   5.6] [0] INFO  Boot  EL: 1	[   5.7] [0] INFO  Boot  Boot sequence complete, entering scheduler
pr168-n22-full-report-single	EXCEPTION	1000	2	68	EL1,BOOT	no	after heartbeat tick 0	EXCEPTION[CPU 0]: ESR=0x0000000096000006 EC=0x0000000000000025 FAR=0x0000000000000519 ELR=0xffff00000008ad58	[   5.6] [0] INFO  Boot  AIOS kernel booting...	[   5.6] [0] INFO  Boot  EL: 1	[   5.7] [0] INFO  Boot  Boot sequence complete, entering scheduler
pr168-n23-prefix-cut-tail-next	PCZERO	3000	5	0	EL1,BOOT,G1PASS,G1DONE	no	after heartbeat tick 1000	EXCEPTION[CPU 1]: [heartbeat] tick=1000 / ESR=0x0000000086000006 EC=0x0000000000000021 FAR=0x0000000000000000 ELR=0x0000000000000000	[   5.6] [0] INFO  Boot  AIOS kernel booting...	[   5.6] [0] INFO  Boot  EL: 1	[   5.7] [0] INFO  Boot  Boot sequence complete, entering scheduler
pr168-n24-el0-split	EXCEPTION	4000	5	0	EL1,BOOT,G1PASS,G1DONE	no	report prefix split by other output; after heartbeat tick 4000	ORT (EL0): FAR=0x0000000000001000 ELR=0x0000000000400123	[   5.6] [0] INFO  Boot  AIOS kernel booting...	[   5.6] [0] INFO  Boot  EL: 1	[   5.7] [0] INFO  Boot  Boot sequence complete, entering scheduler
pr168-n25-two-cpus-interleaved	EXCEPTION	0	1	69	EL1,BOOT	no	after heartbeat tick 0; 2 fatal reports	EXCEPTION[CPU 1]: ESR=0x0000000096000006 EC=0x0000000000000025 FAR=0x0000000000000519 ELR=0xffff00000008ad58	[   5.6] [0] INFO  Boot  AIOS kernel booting...	[   5.6] [0] INFO  Boot  EL: 1	[   5.7] [0] INFO  Boot  Boot sequence complete, entering scheduler
pr168-n26-midrun-gap	CLEAN	3000	4	0	EL1,BOOT,G1PASS,G1DONE	-	heartbeat paused 40s after the bench completed	-	[   5.6] [0] INFO  Boot  AIOS kernel booting...	[   5.6] [0] INFO  Boot  EL: 1	[   5.7] [0] INFO  Boot  Boot sequence complete, entering scheduler
pr168-n27-small-gap	CLEAN	3000	4	0	EL1,BOOT,G1PASS,G1DONE	-	-	-	[   5.6] [0] INFO  Boot  AIOS kernel booting...	[   5.6] [0] INFO  Boot  EL: 1	[   5.7] [0] INFO  Boot  Boot sequence complete, entering scheduler
pr168-n28-two-heads-first-window	PCZERO	1000	3	67	BOOT	no	after heartbeat tick 1000; 2 fatal reports	EXCEPTION[CPU 1]: ESR=0x0000000086000006 EC=0x0000000000000021 FA[heartbeat] tick=1000 / R=0x0000000000000000 ELR=0x0000000000000000	-	[   5.6] [0] INFO  Boot  AIOS kernel booting...	[   5.7] [0] INFO  Boot  Boot sequence complete, entering scheduler
pr168-s01-interleaved-pc0	PCZERO	3000	4	-	EL1,BOOT,G1DONE	no	after heartbeat tick 2000	EXCEPTION[CPU 2]: ESR=0x0000000086000006 EC=0x0000000000000021 FAR=0x0000000000000000[heartbeat] tick=2000 / ELR=0x0000000000000000	-	[   1.0] [0] INFO  Boot  EL: 1	[   1.1] [0] INFO  Boot  Boot sequence complete, entering scheduler
pr168-s02-ansi	PCZERO	1000	2	-	EL1,BOOT,G1DONE	no	after heartbeat tick 1000	EXCEPTION[CPU 0]: ESR=0x0000000086000006 EC=0x21 FAR=0x0 ELR=0x0000000000000000	-	[   1.0] [0] INFO  Boot  EL: 1	[   1.1] [0] INFO  Boot  Boot sequence complete, entering scheduler
pr168-s03-panic-footer	PANIC	1000	2	67	EL1,BOOT,G1DONE	no	after heartbeat tick 1000	PANIC: panicked at kernel/src/x.rs:1:1:	-	[   1.0] [0] INFO  Boot  EL: 1	[   1.1] [0] INFO  Boot  Boot sequence complete, entering scheduler
pr168-s04-killed-before-kernel	INCONCLUSIVE	-	0	10	-	-	UEFI stub never ran, not a boot result	-	-	-	-
pr168-s05-edk2-exception	INCONCLUSIVE	-	0	75	-	-	UEFI stub never ran, not a boot result; edk2-format report from the firmware	Synchronous Exception at 0x00000000BF5A1234	-	-	-
pr168-s06-nul	EXCEPTION	100	2	-	EL1,BOOT,G1DONE	no	after heartbeat tick 100	EXCEPTION[CPU 1]: ESR=0x96000006 EC=0x25 FAR=0x320 ELR=0xffff00000009e0dc	-	[   1.0] [0] INFO  Boot  EL: 1	[   1.1] [0] INFO  Boot  Boot sequence complete, entering scheduler
pr168-s07-stall-boundary	CLEAN	1000	2	14	EL1,BOOT,G1DONE	-	-	-	-	[   1.0] [0] INFO  Boot  EL: 1	[   1.1] [0] INFO  Boot  Boot sequence complete, entering scheduler
pr168-s08-silent-nofooter	CLEAN	2000	3	-	EL1,BOOT,G1DONE	-	log-only: no harness timing, a late heartbeat stall is undetectable	-	-	[   1.0] [0] INFO  Boot  EL: 1	[   1.1] [0] INFO  Boot  Boot sequence complete, entering scheduler
pr168-s09-late-start-tick0	INCONCLUSIVE	0	1	2	BOOT	-	cut short: heartbeat stuck at tick 0 after the Gate 1 bench started, only 2s before the end (limit 15s)	-	-	-	[   1.1] [0] INFO  Boot  Boot sequence complete, entering scheduler
pr168-s10-late-start-nohb	WEDGE	-	0	75	EL1	no	no heartbeat; boot sequence incomplete	-	-	-	[   1.0] [0] INFO  Boot  EL: 1
