exit 0
--- stdout
soak: interleaved, 2 arms x 1 rounds x 35s, mode=text, data=fresh
soak: arm A: <ROOT>/arms/a commit=<REV>
soak: arm B: <ROOT>/arms/b commit=<REV>-dirty
soak: qemu=<ROOT>/bin/qemu-system-aarch64
soak: firmware=<ROOT>/fw.fd
soak: logs in <ROOT>/repo/out (load average after the builds: <L>)
A run 01/1  PANIC        tick=0      stall=<N> [EL1,BOOT]  lb_last=no  PANIC: panicked at kernel/src/x.rs:1:1: / boom | with a pipe é
B run 01/1  EXCEPTION    tick=0      stall=<N> [EL1,BOOT]  lb_last=no  EXCEPTION[CPU 1]: Synchronous ESR=0x96000045 EC=0x25 FAR=0x10 ELR=0xffff000000081234

soak: A vs B: regression guard passes (CLEAN 0/1 vs 0/1, one-sided p 1); mean load 0.50 vs 0.50, 0% apart: comparable
soak: interleaved report in <ROOT>/repo/out/summary.md, rows in <ROOT>/repo/out/boots.tsv, each arm's single-run files in arm-X/
--- stderr
soak: warning: AIOS_SOAK_LOADAVG replaces the host's load average with '0.50 0.40 0.30'; only debug builds read it
soak: warning: AIOS_SOAK_MIN_ARM_BASE overrides the arm base: every arm must contain 244166f03dbd262e5ed2921769fb515ee7dd0652 instead of 7167d408f6a43ca9859fb6238f608ca6bdee37d6 (#196); only debug builds read it
--- out: arm-A/run-01.log arm-A/summary.md arm-A/summary.tsv arm-B/run-01.log arm-B/summary.md arm-B/summary.tsv arms.tsv boots.tsv summary.md
--- file arm-A/run-01.log
UEFI firmware (fake)
AIOS UEFI stub v0.1.0
AIOS kernel booting
  Boot EL: 1
[   0.100000] [0] INFO  Boot  Boot sequence complete
[heartbeat] tick=0
PANIC: panicked at kernel/src/x.rs:1:1:
boom | with a pipe é

[soak] meta mode=text secs=35 elapsed=<N> qemu_rc=1 kstart=<N> hb_first=<N> bench_start=<N> g1done=<N> hb_count=1 hb_last_advance=<N> hb_max_gap=<N> stall_limit=15 load1=<L>
--- file arm-A/summary.md
## AIOS QEMU boot soak (text mode)

| Setting | Value |
|---|---|
| Commit | `<REV>` (kernel ELF sha256 `94cc3f95c7b1a13c`) |
| Boots | 1 x 35s, stall limit 15s, data disk fresh per boot |
| QEMU | QEMU emulator version 99.1.0 (aios test fake) |
| Firmware | `<ROOT>/fw.fd` |
| Host | <HOST> |
| Load average | <L> |
| Logs | `<ROOT>/repo/out/arm-A` |

| Class | Count | Share |
|---|---:|---:|
| PCZERO | 0 | 0% |
| PANIC-LOCK | 0 | 0% |
| PANIC | 1 | 100% |
| EXCEPTION | 0 | 0% |
| WEDGE-STUCK | 0 | 0% |
| WEDGE-ALIVE | 0 | 0% |
| INCONCLUSIVE | 0 | 0% |
| DEGRADED | 0 | 0% |
| CLEAN | 0 | 0% |
| **Total** | 1 | |

CLEAN rate: 0% (95% Wilson interval 0%-79%)
Gate 1 IPC round trip, mean over CLEAN boots: n/a (no CLEAN boot)

### Tripwire counters by class

No boot has a complete `v=1` tripwire line.

| Run | Class | Last tick | Stall | Markers | LB last | Tripwire | First fatal line / detail |
|---:|---|---:|---:|---|---|---|---|
| 01 | PANIC | 0 | <N> | EL1,BOOT | no | - | PANIC: panicked at kernel/src/x.rs:1:1: / boom \| with a pipe é |
--- file arm-A/summary.tsv
run	mode	class	last_tick	hb_count	stall_s	elapsed_s	qemu_rc	load1	kernel_s	hb_first_s	bench_s	g1done_s	hb_max_gap_s	markers	lb_last	detail	first_fatal	last_info_1	last_info_2	last_info_3	log	ipc_avg_us	ipc_iters	reentry_lock	reentry_ctx	reentry_holder_irqs	ev_ph	ev_self	ev_self_irq	ev_stuck	tw_v	tw_src	tw_cpu	tw_t	tw_ncpu	tw_tick	tw_irqsw	tw_irqsw0	tw_nest	tw_elrmm	tw_spsrmm	tw_n4	tw_insched	tw_rsthold	tw_tpidrbad	tw_xdir	tw_xrep	tw_xnever	tw_n1	tw_pcnull	tw_pcphys	tw_pcother	tw_spbad	tw_latereply	tw_misrep	tw_ctbusy	tw_badtid	tw_n2	tw_ubrun	tw_ubrbl	tw_ubdead	tw_ubnone	tw_ubmove	tw_lkph	tw_lkpho	tw_lkphrun	tw_lkoxp	tw_lkself	tw_lktry	tw_lktph	tw_lkstk	tw_scana	tw_skipa	tw_skipaself	tw_scanb	tw_skipb	tw_scanstall	tw_hbdefer	tw_orphan	tw_nowaker	tw_wakefl	tw_starved	tw_dupcur	tw_dupq	tw_qbad	tw_orphan_now	tw_nowaker_now	tw_wakefl_now	tw_scanhold1	tw_scanhold2	tw_lb	tw_enqfull	tw_badchan	tw_twc	tw_twn	tw_twmax	g1_elrmm	g1_line	tw_line
01	text	PANIC	0	1	<N>	<N>	1	<N>	<N>	<N>	<N>	<N>	<N>	EL1,BOOT	no	after heartbeat tick 0; qemu exited before the time limit (rc=1)	PANIC: panicked at kernel/src/x.rs:1:1: / boom | with a pipe é	-	-	[   0.100000] [0] INFO  Boot  Boot sequence complete	run-01.log	-	-	-	-	-	0	0	0	0	-	-	-	-	-	-	-	-	-	-	-	-	-	-	-	-	-	-	-	-	-	-	-	-	-	-	-	-	-	-	-	-	-	-	-	-	-	-	-	-	-	-	-	-	-	-	-	-	-	-	-	-	-	-	-	-	-	-	-	-	-	-	-	-	-	-	-	-	-
--- file arm-B/run-01.log
UEFI firmware (fake)
AIOS UEFI stub v0.1.0
AIOS kernel booting
  Boot EL: 1
[   0.100000] [0] INFO  Boot  Boot sequence complete
[heartbeat] tick=0
EXCEPTION[CPU 1]: Synchronous ESR=0x96000045 EC=0x25 FAR=0x10 ELR=0xffff000000081234

[soak] meta mode=text secs=35 elapsed=<N> qemu_rc=1 kstart=<N> hb_first=<N> bench_start=<N> g1done=<N> hb_count=1 hb_last_advance=<N> hb_max_gap=<N> stall_limit=15 load1=<L>
--- file arm-B/summary.md
## AIOS QEMU boot soak (text mode)

| Setting | Value |
|---|---|
| Commit | `<REV>-dirty` (kernel ELF sha256 `94cc3f95c7b1a13c`) |
| Boots | 1 x 35s, stall limit 15s, data disk fresh per boot |
| QEMU | QEMU emulator version 99.1.0 (aios test fake) |
| Firmware | `<ROOT>/fw.fd` |
| Host | <HOST> |
| Load average | <L> |
| Logs | `<ROOT>/repo/out/arm-B` |

| Class | Count | Share |
|---|---:|---:|
| PCZERO | 0 | 0% |
| PANIC-LOCK | 0 | 0% |
| PANIC | 0 | 0% |
| EXCEPTION | 1 | 100% |
| WEDGE-STUCK | 0 | 0% |
| WEDGE-ALIVE | 0 | 0% |
| INCONCLUSIVE | 0 | 0% |
| DEGRADED | 0 | 0% |
| CLEAN | 0 | 0% |
| **Total** | 1 | |

CLEAN rate: 0% (95% Wilson interval 0%-79%)
Gate 1 IPC round trip, mean over CLEAN boots: n/a (no CLEAN boot)

### Tripwire counters by class

No boot has a complete `v=1` tripwire line.

| Run | Class | Last tick | Stall | Markers | LB last | Tripwire | First fatal line / detail |
|---:|---|---:|---:|---|---|---|---|
| 01 | EXCEPTION | 0 | <N> | EL1,BOOT | no | - | EXCEPTION[CPU 1]: Synchronous ESR=0x96000045 EC=0x25 FAR=0x10 ELR=0xffff000000081234 |
--- file arm-B/summary.tsv
run	mode	class	last_tick	hb_count	stall_s	elapsed_s	qemu_rc	load1	kernel_s	hb_first_s	bench_s	g1done_s	hb_max_gap_s	markers	lb_last	detail	first_fatal	last_info_1	last_info_2	last_info_3	log	ipc_avg_us	ipc_iters	reentry_lock	reentry_ctx	reentry_holder_irqs	ev_ph	ev_self	ev_self_irq	ev_stuck	tw_v	tw_src	tw_cpu	tw_t	tw_ncpu	tw_tick	tw_irqsw	tw_irqsw0	tw_nest	tw_elrmm	tw_spsrmm	tw_n4	tw_insched	tw_rsthold	tw_tpidrbad	tw_xdir	tw_xrep	tw_xnever	tw_n1	tw_pcnull	tw_pcphys	tw_pcother	tw_spbad	tw_latereply	tw_misrep	tw_ctbusy	tw_badtid	tw_n2	tw_ubrun	tw_ubrbl	tw_ubdead	tw_ubnone	tw_ubmove	tw_lkph	tw_lkpho	tw_lkphrun	tw_lkoxp	tw_lkself	tw_lktry	tw_lktph	tw_lkstk	tw_scana	tw_skipa	tw_skipaself	tw_scanb	tw_skipb	tw_scanstall	tw_hbdefer	tw_orphan	tw_nowaker	tw_wakefl	tw_starved	tw_dupcur	tw_dupq	tw_qbad	tw_orphan_now	tw_nowaker_now	tw_wakefl_now	tw_scanhold1	tw_scanhold2	tw_lb	tw_enqfull	tw_badchan	tw_twc	tw_twn	tw_twmax	g1_elrmm	g1_line	tw_line
01	text	EXCEPTION	0	1	<N>	<N>	1	<N>	<N>	<N>	<N>	<N>	<N>	EL1,BOOT	no	after heartbeat tick 0; qemu exited before the time limit (rc=1)	EXCEPTION[CPU 1]: Synchronous ESR=0x96000045 EC=0x25 FAR=0x10 ELR=0xffff000000081234	-	-	[   0.100000] [0] INFO  Boot  Boot sequence complete	run-01.log	-	-	-	-	-	0	0	0	0	-	-	-	-	-	-	-	-	-	-	-	-	-	-	-	-	-	-	-	-	-	-	-	-	-	-	-	-	-	-	-	-	-	-	-	-	-	-	-	-	-	-	-	-	-	-	-	-	-	-	-	-	-	-	-	-	-	-	-	-	-	-	-	-	-	-	-	-	-
--- file arms.tsv
arm	checkout	root	commit	channel	rustc	kernel	firmware	qemu	qemu_args
A	../arms/a	<ROOT>/arms/a	244166f	nightly-2026-10-09	rustc 1.99.0-nightly (fake 2026-10-09)	kernel ELF sha256 `94cc3f95c7b1a13c`	<ROOT>/fw.fd	<ROOT>/bin/qemu-system-aarch64	-machine virt,gic-version=3 -cpu cortex-a72 -smp 4 -m 2G -nographic -bios <ROOT>/fw.fd -drive if=none,id=disk0,file=<ROOT>/repo/out/.scratch.XXXXXX/esp-A.img,format=raw -device virtio-blk-pci,drive=disk0 -drive if=none,id=data0,file=<ROOT>/repo/out/.scratch.XXXXXX/data.img,format=raw -device virtio-blk-device,drive=data0 -device ramfb
B	../arms/b	<ROOT>/arms/b	244166f-dirty	nightly-2026-10-01	rustc 1.98.0-nightly (fake 2026-10-01)	kernel ELF sha256 `94cc3f95c7b1a13c`	<ROOT>/fw.fd	<ROOT>/bin/qemu-system-aarch64	-machine virt,gic-version=3 -cpu cortex-a72 -smp 4 -m 2G -nographic -bios <ROOT>/fw.fd -drive if=none,id=disk0,file=<ROOT>/repo/out/.scratch.XXXXXX/esp-B.img,format=raw -device virtio-blk-pci,drive=disk0 -drive if=none,id=data0,file=<ROOT>/repo/out/.scratch.XXXXXX/data.img,format=raw -device virtio-blk-device,drive=data0 -device ramfb
--- file boots.tsv
round	position	arm	run	mode	class	last_tick	hb_count	stall_s	elapsed_s	qemu_rc	load1	kernel_s	hb_first_s	bench_s	g1done_s	hb_max_gap_s	markers	lb_last	detail	first_fatal	last_info_1	last_info_2	last_info_3	log	ipc_avg_us	ipc_iters	reentry_lock	reentry_ctx	reentry_holder_irqs	ev_ph	ev_self	ev_self_irq	ev_stuck	tw_v	tw_src	tw_cpu	tw_t	tw_ncpu	tw_tick	tw_irqsw	tw_irqsw0	tw_nest	tw_elrmm	tw_spsrmm	tw_n4	tw_insched	tw_rsthold	tw_tpidrbad	tw_xdir	tw_xrep	tw_xnever	tw_n1	tw_pcnull	tw_pcphys	tw_pcother	tw_spbad	tw_latereply	tw_misrep	tw_ctbusy	tw_badtid	tw_n2	tw_ubrun	tw_ubrbl	tw_ubdead	tw_ubnone	tw_ubmove	tw_lkph	tw_lkpho	tw_lkphrun	tw_lkoxp	tw_lkself	tw_lktry	tw_lktph	tw_lkstk	tw_scana	tw_skipa	tw_skipaself	tw_scanb	tw_skipb	tw_scanstall	tw_hbdefer	tw_orphan	tw_nowaker	tw_wakefl	tw_starved	tw_dupcur	tw_dupq	tw_qbad	tw_orphan_now	tw_nowaker_now	tw_wakefl_now	tw_scanhold1	tw_scanhold2	tw_lb	tw_enqfull	tw_badchan	tw_twc	tw_twn	tw_twmax	g1_elrmm	g1_line	tw_line
1	1	A	01	text	PANIC	0	1	<N>	<N>	1	<N>	<N>	<N>	<N>	<N>	<N>	EL1,BOOT	no	after heartbeat tick 0; qemu exited before the time limit (rc=1)	PANIC: panicked at kernel/src/x.rs:1:1: / boom | with a pipe é	-	-	[   0.100000] [0] INFO  Boot  Boot sequence complete	arm-A/run-01.log	-	-	-	-	-	0	0	0	0	-	-	-	-	-	-	-	-	-	-	-	-	-	-	-	-	-	-	-	-	-	-	-	-	-	-	-	-	-	-	-	-	-	-	-	-	-	-	-	-	-	-	-	-	-	-	-	-	-	-	-	-	-	-	-	-	-	-	-	-	-	-	-	-	-	-	-	-	-
1	2	B	01	text	EXCEPTION	0	1	<N>	<N>	1	<N>	<N>	<N>	<N>	<N>	<N>	EL1,BOOT	no	after heartbeat tick 0; qemu exited before the time limit (rc=1)	EXCEPTION[CPU 1]: Synchronous ESR=0x96000045 EC=0x25 FAR=0x10 ELR=0xffff000000081234	-	-	[   0.100000] [0] INFO  Boot  Boot sequence complete	arm-B/run-01.log	-	-	-	-	-	0	0	0	0	-	-	-	-	-	-	-	-	-	-	-	-	-	-	-	-	-	-	-	-	-	-	-	-	-	-	-	-	-	-	-	-	-	-	-	-	-	-	-	-	-	-	-	-	-	-	-	-	-	-	-	-	-	-	-	-	-	-	-	-	-	-	-	-	-	-	-	-	-
--- file summary.md
## AIOS QEMU interleaved soak (text mode)

**Status:** finished (2 boots)

### Settings

| Setting | Value |
|---|---|
| Design | 2 arms (A, B), 1 rounds of one boot per arm: 2 boots |
| Rotation | the arm order moves by one each round: A B |
| Boots | 35s each, stall limit 15s, data disk fresh per boot |
| QEMU | QEMU emulator version 99.1.0 (aios test fake) (`<ROOT>/bin/qemu-system-aarch64`, sha256 `83bc1911cc1b14e1`) |
| Firmware | `<ROOT>/fw.fd` (sha256 `c3bf47ea1f4a4a60`) |
| Host | <HOST> |
| Load average | <L> |
| Load check | passed: load1 0.50 before the builds, not above the host's CPU count (AIOS_SOAK_LOADAVG override: every load reads '0.50 0.40 0.30') |
| Toolchains | mixed allowed (--allow-mixed-toolchains): the arms' channels and compilers may differ |
| Build | skipped (--no-build): each arm boots the ESP image already in its checkout, not one built from the checked commit |
| Parent cargo config | <CARGO-CONFIG> |
| Arm base | every arm contains `244166f03dbd262e5ed2921769fb515ee7dd0652` (AIOS_SOAK_MIN_ARM_BASE override; the release base is `7167d408f6a43ca9859fb6238f608ca6bdee37d6`, #196); checked on each checkout's HEAD, not on the ESP image that boots (--no-build) |
| Harness | <HARNESS> |
| Logs | `<ROOT>/repo/out` |

### Arms

| Arm | Checkout | Commit | Channel | rustc | Kernel |
|---|---|---|---|---|---|
| A | `../arms/a` | `244166f` | nightly-2026-10-09 | rustc 1.99.0-nightly (fake 2026-10-09) | kernel ELF sha256 `94cc3f95c7b1a13c` |
| B | `../arms/b` | `244166f-dirty` | nightly-2026-10-01 | rustc 1.98.0-nightly (fake 2026-10-01) | kernel ELF sha256 `94cc3f95c7b1a13c` |

### Classes per arm

| Class | A | B |
|---|---:|---:|
| PCZERO | 0 | 0 |
| PANIC-LOCK | 0 | 0 |
| PANIC | 1 | 0 |
| EXCEPTION | 0 | 1 |
| WEDGE-STUCK | 0 | 0 |
| WEDGE-ALIVE | 0 | 0 |
| INCONCLUSIVE | 0 | 0 |
| DEGRADED | 0 | 0 |
| CLEAN | 0 | 0 |
| **Total** | 1 | 1 |
| CLEAN rate | 0% (95% Wilson interval 0%-79%) | 0% (95% Wilson interval 0%-79%) |

The CLEAN rate is over each arm's conclusive boots (INCONCLUSIVE left out).

### Load

The host's 1-minute load average before each boot.

| Arm | Boots with a load | load1 mean | load1 max |
|---|---:|---:|---:|
| A | 1 | 0.50 | 0.50 |
| B | 1 | 0.50 | 0.50 |

A pair whose arms' mean loads differ by more than 25% of the lower mean is redone: the load, not the change, may explain its differences.

- A vs B: 0.50 vs 0.50, 0% apart: comparable

### Pair tests

Fisher's exact test on conclusive boots only (INCONCLUSIVE is left out of every count and denominator). In each pair the earlier arm is the previous one and the later arm the new one. The regression guard fails when the new arm has fewer CLEAN boots with one-sided p < 0.05. A class is marked `removed` when the new arm has none of it and the one-sided p (fewer in new) < 0.05, and `new` when the previous arm has none of it and the one-sided p (more in new) < 0.05. The rate differences (new - previous, in percentage points) are recorded, never gated on.

#### A vs B (A previous, B new)

**Regression guard:** CLEAN 0/1 in A, 0/1 in B; one-sided p (fewer CLEAN in B) = 1: passes

| Class | A | B | B - A | p fewer in B | p more in B | p two-sided | Marker |
|---|---:|---:|---:|---:|---:|---:|---|
| PCZERO | 0/1 | 0/1 | 0 pp | 1 | 1 | 1 | - |
| PANIC-LOCK | 0/1 | 0/1 | 0 pp | 1 | 1 | 1 | - |
| PANIC | 1/1 | 0/1 | -100 pp | 0.5 | 1 | 1 | - |
| EXCEPTION | 0/1 | 1/1 | +100 pp | 1 | 0.5 | 1 | - |
| WEDGE-STUCK | 0/1 | 0/1 | 0 pp | 1 | 1 | 1 | - |
| WEDGE-ALIVE | 0/1 | 0/1 | 0 pp | 1 | 1 | 1 | - |
| DEGRADED | 0/1 | 0/1 | 0 pp | 1 | 1 | 1 | - |
| CLEAN | 0/1 | 0/1 | 0 pp | 1 | 1 | 1 | - |

### Gate 1 IPC

| Arm | IPC round trip, mean over CLEAN boots | n | CLEAN boots without avg= | G1PASS boots |
|---|---:|---:|---:|---:|
| A | n/a | 0 | 0 | 0 of 1 |
| B | n/a | 0 | 0 | 0 of 1 |

Each boot's avg= is whole us, as the kernel truncates it.

### Tripwire per arm

| Arm | Conclusive non-CLEAN boots with neither a complete tripwire line nor a fatal report |
|---|---:|
| A | n/a (no tripwire line in any boot) |
| B | n/a (no tripwire line in any boot) |

That count is meaningful only for an arm whose kernel prints tripwire lines (step 1b, e211d6d, or later); an arm with no tripwire line in any boot shows n/a. INCONCLUSIVE boots (no kernel result) are never counted.

No boot has a complete `v=1` tripwire line.

### Non-CLEAN boots

| Round | Arm | Class | Last tick | First fatal line / detail | Tripwire | Log |
|---:|---|---|---:|---|---|---|
| 1 | A | PANIC | 0 | PANIC: panicked at kernel/src/x.rs:1:1: / boom \| with a pipe é | - | `arm-A/run-01.log` |
| 1 | B | EXCEPTION | 0 | EXCEPTION[CPU 1]: Synchronous ESR=0x96000045 EC=0x25 FAR=0x10 ELR=0xffff000000081234 | - | `arm-B/run-01.log` |
--- boots: 2
--- rustup.log
--- just.log
