exit 2
--- stdout
--- stderr
soak: warning: AIOS_SOAK_LOADAVG replaces the host's load average with '0.50 0.40 0.30'; only debug builds read it
soak: warning: AIOS_SOAK_MIN_ARM_BASE overrides the arm base: every arm must contain 244166f03dbd262e5ed2921769fb515ee7dd0652 instead of 7167d408f6a43ca9859fb6238f608ca6bdee37d6 (#196); only debug builds read it
soak: error: arm B (../arms/b) does not contain 244166f03dbd262e5ed2921769fb515ee7dd0652 (#196: strict-NX firmware faults every older kernel); soak a later commit
--- out: (none)
--- boots: 0
--- rustup.log
--- just.log
