exit 0
--- stdout
soak: 1 x 3s, mode=text, commit=<REV>, data=fresh
soak: firmware=<ROOT>/fw.fd
soak: logs in <ROOT>/repo/out (load average at start: <L>)
run 01/1  CLEAN        tick=1000   stall=<N> [EL1,BOOT,G1PASS,G1DONE]

## AIOS QEMU boot soak (text mode)

| Setting | Value |
|---|---|
| Commit | `<REV>` (kernel ELF sha256 `94cc3f95c7b1a13c`) |
| Boots | 1 x 3s, stall limit 2s, data disk fresh per boot |
| QEMU | QEMU emulator version 99.1.0 (aios test fake) |
| Firmware | `<ROOT>/fw.fd` |
| Host | <HOST> |
| Load average | <L> |
| Logs | `<ROOT>/repo/out` |

| Class | Count | Share |
|---|---:|---:|
| PCZERO | 0 | 0% |
| PANIC-LOCK | 0 | 0% |
| PANIC | 0 | 0% |
| EXCEPTION | 0 | 0% |
| WEDGE-STUCK | 0 | 0% |
| WEDGE-ALIVE | 0 | 0% |
| INCONCLUSIVE | 0 | 0% |
| CLEAN | 1 | 100% |
| **Total** | 1 | |

CLEAN rate: 100% (95% Wilson interval 21%-100%)

soak: per-boot table in <ROOT>/repo/out/summary.md, machine-readable rows in <ROOT>/repo/out/summary.tsv
--- stderr
soak: warning: --secs 3 leaves under 20s beyond --stall-secs 2 for the boot itself (about 6-8 s to the Gate 1 bench); late boots will be INCONCLUSIVE, and a wedge in the last 2s of a boot is never seen
--- out: run-01.log summary.md summary.tsv
--- file run-01.log
UEFI firmware (fake)
AIOS UEFI stub v0.1.0
AIOS kernel booting
  Boot EL: 1
[   0.100000] [0] INFO  Boot  Boot sequence complete
[heartbeat] tick=0
[bench] === Gate 1 Benchmark ===
Gate 1: IPC < 10 us: PASS
=== Gate 1 Complete ===
[heartbeat] tick=1000

[soak] meta mode=text secs=3 elapsed=<N> qemu_rc=124 kstart=<N> hb_first=<N> bench_start=<N> g1done=<N> hb_count=2 hb_last_advance=<N> hb_max_gap=<N> stall_limit=2 load1=<L>
--- file summary.md
## AIOS QEMU boot soak (text mode)

| Setting | Value |
|---|---|
| Commit | `<REV>` (kernel ELF sha256 `94cc3f95c7b1a13c`) |
| Boots | 1 x 3s, stall limit 2s, data disk fresh per boot |
| QEMU | QEMU emulator version 99.1.0 (aios test fake) |
| Firmware | `<ROOT>/fw.fd` |
| Host | <HOST> |
| Load average | <L> |
| Logs | `<ROOT>/repo/out` |

| Class | Count | Share |
|---|---:|---:|
| PCZERO | 0 | 0% |
| PANIC-LOCK | 0 | 0% |
| PANIC | 0 | 0% |
| EXCEPTION | 0 | 0% |
| WEDGE-STUCK | 0 | 0% |
| WEDGE-ALIVE | 0 | 0% |
| INCONCLUSIVE | 0 | 0% |
| CLEAN | 1 | 100% |
| **Total** | 1 | |

CLEAN rate: 100% (95% Wilson interval 21%-100%)

| Run | Class | Last tick | Stall | Markers | LB last | First fatal line / detail |
|---:|---|---:|---:|---|---|---|
| 01 | CLEAN | 1000 | <N> | EL1,BOOT,G1PASS,G1DONE | - | - |
--- file summary.tsv
run	mode	class	last_tick	hb_count	stall_s	elapsed_s	qemu_rc	load1	kernel_s	hb_first_s	bench_s	g1done_s	hb_max_gap_s	markers	lb_last	detail	first_fatal	last_info_1	last_info_2	last_info_3	log
01	text	CLEAN	1000	2	<N>	<N>	124	<N>	<N>	<N>	<N>	<N>	<N>	EL1,BOOT,G1PASS,G1DONE	-	-	-	-	-	[   0.100000] [0] INFO  Boot  Boot sequence complete	run-01.log
--- argv-1
-machine
virt,gic-version=3
-cpu
cortex-a72
-smp
4
-m
2G
-nographic
-bios
<ROOT>/fw.fd
-drive
if=none,id=disk0,file=<ROOT>/repo/out/.scratch.XXXXXX/esp.img,format=raw
-device
virtio-blk-pci,drive=disk0
-drive
if=none,id=data0,file=<ROOT>/repo/out/.scratch.XXXXXX/data.img,format=raw
-device
virtio-blk-device,drive=data0
-device
ramfb
--- still running: -
