exit 0
## Docs drift check

**0 new** finding(s) since baseline; 3 total (1 accepted false positives), 1 resolved. Report-only: fix new drift in this PR, or accept it with `just docs-check --update-baseline`.

| Check | Total | New |
|---|---:|---:|
| md-links | 2 | 0 |
| section-refs | 0 | 0 |
| anchors | 0 | 0 |
| wiki-links | 0 | 0 |
| doc-map | 0 | 0 |
| repo-paths | 0 | 0 |
| just-recipes | 0 | 0 |
| test-count | 0 | 0 |
| lock-order | 0 | 0 |
| milestone-status | 0 | 0 |
| phase-count | 0 | 0 |
| layout | 0 | 0 |
| harness-tables | 0 | 0 |
| pointer-doctor | 1 | 0 |
| knowledge-hygiene | 0 | 0 |

2 baselined finding(s) no longer occur or occur less often (run `just docs-check --update-baseline`).
