exit 0
{
  "baseline": "scripts/docs/baseline.json",
  "summary": {
    "total": 78,
    "new": 0,
    "baselined": 78,
    "accepted": 2,
    "resolved": 0,
    "reduced": 0
  },
  "checks": {
    "md-links": {
      "total": 23,
      "new": 0
    },
    "section-refs": {
      "total": 4,
      "new": 0
    },
    "anchors": {
      "total": 1,
      "new": 0
    },
    "wiki-links": {
      "total": 0,
      "new": 0
    },
    "doc-map": {
      "total": 4,
      "new": 0
    },
    "repo-paths": {
      "total": 0,
      "new": 0
    },
    "just-recipes": {
      "total": 1,
      "new": 0
    },
    "test-count": {
      "total": 1,
      "new": 0
    },
    "lock-order": {
      "total": 16,
      "new": 0
    },
    "milestone-status": {
      "total": 5,
      "new": 0
    },
    "phase-count": {
      "total": 1,
      "new": 0
    },
    "layout": {
      "total": 3,
      "new": 0
    },
    "harness-tables": {
      "total": 0,
      "new": 0
    },
    "pointer-doctor": {
      "total": 17,
      "new": 0
    },
    "knowledge-hygiene": {
      "total": 2,
      "new": 0
    }
  },
  "findings": [
    {
      "key": "md-links|docs/kernel/device-model/lifecycle.md|../../kernel/src/service/mod.rs",
      "check": "md-links",
      "file": "docs/kernel/device-model/lifecycle.md",
      "line": 409,
      "also": [],
      "count": 1,
      "baseline_count": 1,
      "target": "../../kernel/src/service/mod.rs",
      "message": "broken link -> ../../kernel/src/service/mod.rs",
      "detail": "",
      "new": false,
      "accepted": null
    },
    {
      "key": "md-links|docs/kernel/memory/physical.md|./deadlock-prevention.md",
      "check": "md-links",
      "file": "docs/kernel/memory/physical.md",
      "line": 604,
      "also": [],
      "count": 1,
      "baseline_count": 1,
      "target": "./deadlock-prevention.md",
      "message": "broken link -> ./deadlock-prevention.md",
      "detail": "",
      "new": false,
      "accepted": null
    },
    {
      "key": "md-links|docs/kernel/memory/virtual.md|./ipc.md",
      "check": "md-links",
      "file": "docs/kernel/memory/virtual.md",
      "line": 4,
      "also": [],
      "count": 1,
      "baseline_count": 1,
      "target": "./ipc.md",
      "message": "broken link -> ./ipc.md",
      "detail": "",
      "new": false,
      "accepted": null
    },
    {
      "key": "md-links|docs/kits/platform/network.md|./flow.md",
      "check": "md-links",
      "file": "docs/kits/platform/network.md",
      "line": 512,
      "also": [],
      "count": 1,
      "baseline_count": 1,
      "target": "./flow.md",
      "message": "broken link -> ./flow.md",
      "detail": "",
      "new": false,
      "accepted": null
    },
    {
      "key": "md-links|docs/kits/platform/storage.md|../platform/flow.md",
      "check": "md-links",
      "file": "docs/kits/platform/storage.md",
      "line": 25,
      "also": [],
      "count": 1,
      "baseline_count": 1,
      "target": "../platform/flow.md",
      "message": "broken link -> ../platform/flow.md",
      "detail": "",
      "new": false,
      "accepted": null
    },
    {
      "key": "md-links|docs/kits/platform/storage.md|./flow.md",
      "check": "md-links",
      "file": "docs/kits/platform/storage.md",
      "line": 526,
      "also": [],
      "count": 1,
      "baseline_count": 1,
      "target": "./flow.md",
      "message": "broken link -> ./flow.md",
      "detail": "",
      "new": false,
      "accepted": null
    },
    {
      "key": "md-links|docs/kits/platform/thermal.md|../kernel/scheduler.md",
      "check": "md-links",
      "file": "docs/kits/platform/thermal.md",
      "line": 448,
      "also": [],
      "count": 1,
      "baseline_count": 1,
      "target": "../kernel/scheduler.md",
      "message": "broken link -> ../kernel/scheduler.md",
      "detail": "",
      "new": false,
      "accepted": null
    },
    {
      "key": "md-links|docs/platform/bsp.md|../../project/architecture.md",
      "check": "md-links",
      "file": "docs/platform/bsp.md",
      "line": 3,
      "also": [],
      "count": 1,
      "baseline_count": 1,
      "target": "../../project/architecture.md",
      "message": "broken link -> ../../project/architecture.md",
      "detail": "",
      "new": false,
      "accepted": null
    },
    {
      "key": "md-links|docs/platform/bsp.md|../../kernel/boot/firmware.md",
      "check": "md-links",
      "file": "docs/platform/bsp.md",
      "line": 4,
      "also": [],
      "count": 1,
      "baseline_count": 1,
      "target": "../../kernel/boot/firmware.md",
      "message": "broken link -> ../../kernel/boot/firmware.md",
      "detail": "",
      "new": false,
      "accepted": null
    },
    {
      "key": "md-links|docs/platform/bsp.md|../../kernel/device-model.md",
      "check": "md-links",
      "file": "docs/platform/bsp.md",
      "line": 4,
      "also": [],
      "count": 1,
      "baseline_count": 1,
      "target": "../../kernel/device-model.md",
      "message": "broken link -> ../../kernel/device-model.md",
      "detail": "",
      "new": false,
      "accepted": null
    },
    {
      "key": "md-links|docs/platform/bsp.md|../../kernel/hal.md",
      "check": "md-links",
      "file": "docs/platform/bsp.md",
      "line": 4,
      "also": [],
      "count": 1,
      "baseline_count": 1,
      "target": "../../kernel/hal.md",
      "message": "broken link -> ../../kernel/hal.md",
      "detail": "",
      "new": false,
      "accepted": null
    },
    {
      "key": "md-links|docs/platform/bsp.md|../subsystem-framework.md",
      "check": "md-links",
      "file": "docs/platform/bsp.md",
      "line": 4,
      "also": [],
      "count": 1,
      "baseline_count": 1,
      "target": "../subsystem-framework.md",
      "message": "broken link -> ../subsystem-framework.md",
      "detail": "",
      "new": false,
      "accepted": null
    },
    {
      "key": "md-links|docs/platform/bsp.md|../thermal/platform-drivers.md",
      "check": "md-links",
      "file": "docs/platform/bsp.md",
      "line": 4,
      "also": [],
      "count": 1,
      "baseline_count": 1,
      "target": "../thermal/platform-drivers.md",
      "message": "broken link -> ../thermal/platform-drivers.md",
      "detail": "",
      "new": false,
      "accepted": null
    },
    {
      "key": "md-links|docs/platform/linux-compat/virtual-filesystems.md|../../kernel/task/process.rs",
      "check": "md-links",
      "file": "docs/platform/linux-compat/virtual-filesystems.md",
      "line": 514,
      "also": [],
      "count": 1,
      "baseline_count": 1,
      "target": "../../kernel/task/process.rs",
      "message": "broken link -> ../../kernel/task/process.rs",
      "detail": "",
      "new": false,
      "accepted": null
    },
    {
      "key": "md-links|docs/platform/thermal/cooling.md|../device-model/lifecycle.md",
      "check": "md-links",
      "file": "docs/platform/thermal/cooling.md",
      "line": 166,
      "also": [],
      "count": 1,
      "baseline_count": 1,
      "target": "../device-model/lifecycle.md",
      "message": "broken link -> ../device-model/lifecycle.md",
      "detail": "",
      "new": false,
      "accepted": null
    },
    {
      "key": "md-links|docs/security/fuzzing/adoption-roadmap.md|model.md",
      "check": "md-links",
      "file": "docs/security/fuzzing/adoption-roadmap.md",
      "line": 137,
      "also": [],
      "count": 1,
      "baseline_count": 1,
      "target": "model.md",
      "message": "broken link -> model.md",
      "detail": "",
      "new": false,
      "accepted": null
    },
    {
      "key": "md-links|docs/security/fuzzing/adoption-roadmap.md|static-analysis.md",
      "check": "md-links",
      "file": "docs/security/fuzzing/adoption-roadmap.md",
      "line": 137,
      "also": [],
      "count": 1,
      "baseline_count": 1,
      "target": "static-analysis.md",
      "message": "broken link -> static-analysis.md",
      "detail": "",
      "new": false,
      "accepted": null
    },
    {
      "key": "md-links|docs/security/fuzzing/ai-native.md|static-analysis.md",
      "check": "md-links",
      "file": "docs/security/fuzzing/ai-native.md",
      "line": 89,
      "also": [
        131
      ],
      "count": 2,
      "baseline_count": 2,
      "target": "static-analysis.md",
      "message": "broken link -> static-analysis.md",
      "detail": "",
      "new": false,
      "accepted": null
    },
    {
      "key": "md-links|docs/security/fuzzing/ai-native.md|model.md",
      "check": "md-links",
      "file": "docs/security/fuzzing/ai-native.md",
      "line": 119,
      "also": [],
      "count": 1,
      "baseline_count": 1,
      "target": "model.md",
      "message": "broken link -> model.md",
      "detail": "",
      "new": false,
      "accepted": null
    },
    {
      "key": "md-links|docs/security/fuzzing/strategies.md|model.md",
      "check": "md-links",
      "file": "docs/security/fuzzing/strategies.md",
      "line": 43,
      "also": [
        72,
        92
      ],
      "count": 3,
      "baseline_count": 3,
      "target": "model.md",
      "message": "broken link -> model.md",
      "detail": "",
      "new": false,
      "accepted": null
    },
    {
      "key": "md-links|docs/security/fuzzing/strategies.md|static-analysis.md",
      "check": "md-links",
      "file": "docs/security/fuzzing/strategies.md",
      "line": 110,
      "also": [],
      "count": 1,
      "baseline_count": 1,
      "target": "static-analysis.md",
      "message": "broken link -> static-analysis.md",
      "detail": "",
      "new": false,
      "accepted": null
    },
    {
      "key": "md-links|docs/security/model/hardening.md|static-analysis.md",
      "check": "md-links",
      "file": "docs/security/model/hardening.md",
      "line": 268,
      "also": [
        338
      ],
      "count": 2,
      "baseline_count": 2,
      "target": "static-analysis.md",
      "message": "broken link -> static-analysis.md",
      "detail": "",
      "new": false,
      "accepted": null
    },
    {
      "key": "md-links|docs/security/model/hardening.md|fuzzing.md",
      "check": "md-links",
      "file": "docs/security/model/hardening.md",
      "line": 313,
      "also": [],
      "count": 1,
      "baseline_count": 1,
      "target": "fuzzing.md",
      "message": "broken link -> fuzzing.md",
      "detail": "",
      "new": false,
      "accepted": null
    },
    {
      "key": "section-refs|docs/intelligence/task-manager.md|../kernel/boot/lifecycle.md §4",
      "check": "section-refs",
      "file": "docs/intelligence/task-manager.md",
      "line": 2503,
      "also": [],
      "count": 1,
      "baseline_count": 1,
      "target": "../kernel/boot/lifecycle.md §4",
      "message": "no §4 heading in docs/kernel/boot/lifecycle.md or its hub members",
      "detail": "",
      "new": false,
      "accepted": null
    },
    {
      "key": "section-refs|docs/intelligence/tool-manager/security.md|../airs.md §9.3",
      "check": "section-refs",
      "file": "docs/intelligence/tool-manager/security.md",
      "line": 55,
      "also": [],
      "count": 1,
      "baseline_count": 1,
      "target": "../airs.md §9.3",
      "message": "no §9.3 heading in docs/intelligence/airs.md or its hub members",
      "detail": "",
      "new": false,
      "accepted": "false positive: §9.3 means principle 3 ('Graceful degradation') of the numbered list under airs.md §9 Design Principles"
    },
    {
      "key": "section-refs|docs/kernel/boot/lifecycle.md|../../applications/agents.md §2.4",
      "check": "section-refs",
      "file": "docs/kernel/boot/lifecycle.md",
      "line": 68,
      "also": [],
      "count": 1,
      "baseline_count": 1,
      "target": "../../applications/agents.md §2.4",
      "message": "no §2.4 heading in docs/applications/agents.md or its hub members",
      "detail": "",
      "new": false,
      "accepted": null
    },
    {
      "key": "section-refs|docs/kernel/boot/testing.md|../../applications/agents.md §2.4",
      "check": "section-refs",
      "file": "docs/kernel/boot/testing.md",
      "line": 94,
      "also": [],
      "count": 1,
      "baseline_count": 1,
      "target": "../../applications/agents.md §2.4",
      "message": "no §2.4 heading in docs/applications/agents.md or its hub members",
      "detail": "",
      "new": false,
      "accepted": null
    },
    {
      "key": "anchors|docs/applications/inspector/views.md|#57-airs-analysis-view-phase-41",
      "check": "anchors",
      "file": "docs/applications/inspector/views.md",
      "line": 143,
      "also": [],
      "count": 1,
      "baseline_count": 1,
      "target": "#57-airs-analysis-view-phase-41",
      "message": "no heading for anchor #57-airs-analysis-view-phase-41 in docs/applications/inspector/views.md",
      "detail": "",
      "new": false,
      "accepted": null
    },
    {
      "key": "doc-map|docs/experience/scriptable-protocol.md|unlisted",
      "check": "doc-map",
      "file": "docs/experience/scriptable-protocol.md",
      "line": 0,
      "also": [],
      "count": 1,
      "baseline_count": 1,
      "target": "unlisted",
      "message": "docs/experience/scriptable-protocol.md is not listed in docs/project/doc-map.md",
      "detail": "",
      "new": false,
      "accepted": null
    },
    {
      "key": "doc-map|docs/kits/platform/content-type-registry.md|unlisted",
      "check": "doc-map",
      "file": "docs/kits/platform/content-type-registry.md",
      "line": 0,
      "also": [],
      "count": 1,
      "baseline_count": 1,
      "target": "unlisted",
      "message": "docs/kits/platform/content-type-registry.md is not listed in docs/project/doc-map.md",
      "detail": "",
      "new": false,
      "accepted": null
    },
    {
      "key": "doc-map|docs/kits/platform/package-format.md|unlisted",
      "check": "doc-map",
      "file": "docs/kits/platform/package-format.md",
      "line": 0,
      "also": [],
      "count": 1,
      "baseline_count": 1,
      "target": "unlisted",
      "message": "docs/kits/platform/package-format.md is not listed in docs/project/doc-map.md",
      "detail": "",
      "new": false,
      "accepted": null
    },
    {
      "key": "doc-map|docs/project/ccc-integration-analysis.md|unlisted",
      "check": "doc-map",
      "file": "docs/project/ccc-integration-analysis.md",
      "line": 0,
      "also": [],
      "count": 1,
      "baseline_count": 1,
      "target": "unlisted",
      "message": "docs/project/ccc-integration-analysis.md is not listed in docs/project/doc-map.md",
      "detail": "",
      "new": false,
      "accepted": null
    },
    {
      "key": "just-recipes|justfile|undocumented:run-input",
      "check": "just-recipes",
      "file": "justfile",
      "line": 0,
      "also": [],
      "count": 1,
      "baseline_count": 1,
      "target": "undocumented:run-input",
      "message": "public recipe `run-input` is missing from the README Build Commands and developer-guide §5.1 tables",
      "detail": "",
      "new": false,
      "accepted": null
    },
    {
      "key": "test-count|docs/project/developer-guide.md|claimed:364",
      "check": "test-count",
      "file": "docs/project/developer-guide.md",
      "line": 1628,
      "also": [
        1721
      ],
      "count": 2,
      "baseline_count": 2,
      "target": "claimed:364",
      "message": "states 364 tests; shared/src has 543 #[test] functions",
      "detail": "",
      "new": false,
      "accepted": null
    },
    {
      "key": "lock-order|CLAUDE.md|unknown:VIRTIO_INPUT",
      "check": "lock-order",
      "file": "CLAUDE.md",
      "line": 100,
      "also": [],
      "count": 1,
      "baseline_count": 1,
      "target": "unknown:VIRTIO_INPUT",
      "message": "lock ordering names VIRTIO_INPUT, which is not a Mutex static in kernel/src",
      "detail": "",
      "new": false,
      "accepted": null
    },
    {
      "key": "lock-order|docs/kernel/deadlock-prevention.md|undocumented:BOOT_LOG",
      "check": "lock-order",
      "file": "docs/kernel/deadlock-prevention.md",
      "line": 0,
      "also": [],
      "count": 1,
      "baseline_count": 1,
      "target": "undocumented:BOOT_LOG",
      "message": "production lock BOOT_LOG is not in §3.3/§3.4",
      "detail": "defined at kernel/src/observability/mod.rs:352",
      "new": false,
      "accepted": null
    },
    {
      "key": "lock-order|docs/kernel/deadlock-prevention.md|undocumented:COMPOSITOR_CHANNEL",
      "check": "lock-order",
      "file": "docs/kernel/deadlock-prevention.md",
      "line": 0,
      "also": [],
      "count": 1,
      "baseline_count": 1,
      "target": "undocumented:COMPOSITOR_CHANNEL",
      "message": "production lock COMPOSITOR_CHANNEL is not in §3.3/§3.4",
      "detail": "defined at kernel/src/compositor/service.rs:536",
      "new": false,
      "accepted": null
    },
    {
      "key": "lock-order|docs/kernel/deadlock-prevention.md|undocumented:CURSOR_POS",
      "check": "lock-order",
      "file": "docs/kernel/deadlock-prevention.md",
      "line": 0,
      "also": [],
      "count": 1,
      "baseline_count": 1,
      "target": "undocumented:CURSOR_POS",
      "message": "production lock CURSOR_POS is not in §3.3/§3.4",
      "detail": "defined at kernel/src/compositor/cursor.rs:68",
      "new": false,
      "accepted": null
    },
    {
      "key": "lock-order|docs/kernel/deadlock-prevention.md|undocumented:DRAG_STATE",
      "check": "lock-order",
      "file": "docs/kernel/deadlock-prevention.md",
      "line": 0,
      "also": [],
      "count": 1,
      "baseline_count": 1,
      "target": "undocumented:DRAG_STATE",
      "message": "production lock DRAG_STATE is not in §3.3/§3.4",
      "detail": "defined at kernel/src/compositor/window.rs:129",
      "new": false,
      "accepted": null
    },
    {
      "key": "lock-order|docs/kernel/deadlock-prevention.md|undocumented:FOCUS_MANAGER",
      "check": "lock-order",
      "file": "docs/kernel/deadlock-prevention.md",
      "line": 0,
      "also": [],
      "count": 1,
      "baseline_count": 1,
      "target": "undocumented:FOCUS_MANAGER",
      "message": "production lock FOCUS_MANAGER is not in §3.3/§3.4",
      "detail": "defined at kernel/src/compositor/focus.rs:151",
      "new": false,
      "accepted": null
    },
    {
      "key": "lock-order|docs/kernel/deadlock-prevention.md|undocumented:GPU_SERVICE_CHANNEL",
      "check": "lock-order",
      "file": "docs/kernel/deadlock-prevention.md",
      "line": 0,
      "also": [],
      "count": 1,
      "baseline_count": 1,
      "target": "undocumented:GPU_SERVICE_CHANNEL",
      "message": "production lock GPU_SERVICE_CHANNEL is not in §3.3/§3.4",
      "detail": "defined at kernel/src/gpu/service.rs:557",
      "new": false,
      "accepted": null
    },
    {
      "key": "lock-order|docs/kernel/deadlock-prevention.md|undocumented:INPUT_DEVICES",
      "check": "lock-order",
      "file": "docs/kernel/deadlock-prevention.md",
      "line": 0,
      "also": [],
      "count": 1,
      "baseline_count": 1,
      "target": "undocumented:INPUT_DEVICES",
      "message": "production lock INPUT_DEVICES is not in §3.3/§3.4",
      "detail": "defined at kernel/src/drivers/virtio_input.rs:87",
      "new": false,
      "accepted": null
    },
    {
      "key": "lock-order|docs/kernel/deadlock-prevention.md|undocumented:INPUT_QUEUE",
      "check": "lock-order",
      "file": "docs/kernel/deadlock-prevention.md",
      "line": 0,
      "also": [],
      "count": 1,
      "baseline_count": 1,
      "target": "undocumented:INPUT_QUEUE",
      "message": "production lock INPUT_QUEUE is not in §3.3/§3.4",
      "detail": "defined at kernel/src/input/mod.rs:20",
      "new": false,
      "accepted": null
    },
    {
      "key": "lock-order|docs/kernel/deadlock-prevention.md|undocumented:PENDING_POINTER",
      "check": "lock-order",
      "file": "docs/kernel/deadlock-prevention.md",
      "line": 0,
      "also": [],
      "count": 1,
      "baseline_count": 1,
      "target": "undocumented:PENDING_POINTER",
      "message": "production lock PENDING_POINTER is not in §3.3/§3.4",
      "detail": "defined at kernel/src/input/mod.rs:29",
      "new": false,
      "accepted": null
    },
    {
      "key": "lock-order|docs/kernel/deadlock-prevention.md|undocumented:SURFACE_TABLE",
      "check": "lock-order",
      "file": "docs/kernel/deadlock-prevention.md",
      "line": 0,
      "also": [],
      "count": 1,
      "baseline_count": 1,
      "target": "undocumented:SURFACE_TABLE",
      "message": "production lock SURFACE_TABLE is not in §3.3/§3.4",
      "detail": "defined at kernel/src/compositor/surface.rs:90",
      "new": false,
      "accepted": null
    },
    {
      "key": "lock-order|docs/kernel/deadlock-prevention.md|undocumented:TITLE_FONT",
      "check": "lock-order",
      "file": "docs/kernel/deadlock-prevention.md",
      "line": 0,
      "also": [],
      "count": 1,
      "baseline_count": 1,
      "target": "undocumented:TITLE_FONT",
      "message": "production lock TITLE_FONT is not in §3.3/§3.4",
      "detail": "defined at kernel/src/compositor/text.rs:29",
      "new": false,
      "accepted": null
    },
    {
      "key": "lock-order|docs/kernel/deadlock-prevention.md|undocumented:VIRTIO_GPU",
      "check": "lock-order",
      "file": "docs/kernel/deadlock-prevention.md",
      "line": 0,
      "also": [],
      "count": 1,
      "baseline_count": 1,
      "target": "undocumented:VIRTIO_GPU",
      "message": "production lock VIRTIO_GPU is not in §3.3/§3.4",
      "detail": "defined at kernel/src/drivers/virtio_gpu.rs:28",
      "new": false,
      "accepted": null
    },
    {
      "key": "lock-order|docs/kernel/deadlock-prevention.md|undocumented:WINDOW_Z_ORDER",
      "check": "lock-order",
      "file": "docs/kernel/deadlock-prevention.md",
      "line": 0,
      "also": [],
      "count": 1,
      "baseline_count": 1,
      "target": "undocumented:WINDOW_Z_ORDER",
      "message": "production lock WINDOW_Z_ORDER is not in §3.3/§3.4",
      "detail": "defined at kernel/src/compositor/window.rs:48",
      "new": false,
      "accepted": null
    },
    {
      "key": "lock-order|kernel/src/compositor/service.rs|unknown:VIRTIO_INPUT",
      "check": "lock-order",
      "file": "kernel/src/compositor/service.rs",
      "line": 548,
      "also": [],
      "count": 1,
      "baseline_count": 1,
      "target": "unknown:VIRTIO_INPUT",
      "message": "lock-ordering comment names VIRTIO_INPUT, which is not a Mutex static",
      "detail": "",
      "new": false,
      "accepted": null
    },
    {
      "key": "lock-order|kernel/src/compositor/surface.rs|unknown:VIRTIO_INPUT",
      "check": "lock-order",
      "file": "kernel/src/compositor/surface.rs",
      "line": 85,
      "also": [],
      "count": 1,
      "baseline_count": 1,
      "target": "unknown:VIRTIO_INPUT",
      "message": "lock-ordering comment names VIRTIO_INPUT, which is not a Mutex static",
      "detail": "",
      "new": false,
      "accepted": null
    },
    {
      "key": "milestone-status|README.md|latest:M25",
      "check": "milestone-status",
      "file": "README.md",
      "line": 0,
      "also": [],
      "count": 1,
      "baseline_count": 1,
      "target": "latest:M25",
      "message": "README status does not mention the latest merged milestone M25",
      "detail": "",
      "new": false,
      "accepted": null
    },
    {
      "key": "milestone-status|docs/phases/02-memory-management.md|M8:unchecked",
      "check": "milestone-status",
      "file": "docs/phases/02-memory-management.md",
      "line": 136,
      "also": [],
      "count": 1,
      "baseline_count": 1,
      "target": "M8:unchecked",
      "message": "merged milestone M8 still has 4 unchecked task(s)",
      "detail": "",
      "new": false,
      "accepted": null
    },
    {
      "key": "milestone-status|docs/phases/05-kit-foundation.md|M18:unchecked",
      "check": "milestone-status",
      "file": "docs/phases/05-kit-foundation.md",
      "line": 404,
      "also": [],
      "count": 1,
      "baseline_count": 1,
      "target": "M18:unchecked",
      "message": "merged milestone M18 still has 7 unchecked task(s)",
      "detail": "",
      "new": false,
      "accepted": null
    },
    {
      "key": "milestone-status|docs/project/development-plan.md|§8.1:M24",
      "check": "milestone-status",
      "file": "docs/project/development-plan.md",
      "line": 0,
      "also": [],
      "count": 1,
      "baseline_count": 1,
      "target": "§8.1:M24",
      "message": "§8.1 Velocity Summary has no row covering merged milestone M24",
      "detail": "",
      "new": false,
      "accepted": null
    },
    {
      "key": "milestone-status|docs/project/development-plan.md|§8.1:M25",
      "check": "milestone-status",
      "file": "docs/project/development-plan.md",
      "line": 0,
      "also": [],
      "count": 1,
      "baseline_count": 1,
      "target": "§8.1:M25",
      "message": "§8.1 Velocity Summary has no row covering merged milestone M25",
      "detail": "",
      "new": false,
      "accepted": null
    },
    {
      "key": "phase-count|README.md|claimed:30",
      "check": "phase-count",
      "file": "README.md",
      "line": 88,
      "also": [],
      "count": 1,
      "baseline_count": 1,
      "target": "claimed:30",
      "message": "says 30 phases; development-plan §8 lists 47",
      "detail": "",
      "new": false,
      "accepted": null
    },
    {
      "key": "layout|.claude/rules/05-file-placement.md|missing:kernel/src/compositor/",
      "check": "layout",
      "file": ".claude/rules/05-file-placement.md",
      "line": 0,
      "also": [],
      "count": 1,
      "baseline_count": 1,
      "target": "missing:kernel/src/compositor/",
      "message": "rule 05 does not list kernel/src/compositor/",
      "detail": "",
      "new": false,
      "accepted": null
    },
    {
      "key": "layout|.claude/rules/05-file-placement.md|missing:kernel/src/gpu/",
      "check": "layout",
      "file": ".claude/rules/05-file-placement.md",
      "line": 0,
      "also": [],
      "count": 1,
      "baseline_count": 1,
      "target": "missing:kernel/src/gpu/",
      "message": "rule 05 does not list kernel/src/gpu/",
      "detail": "",
      "new": false,
      "accepted": null
    },
    {
      "key": "layout|.claude/rules/05-file-placement.md|missing:kernel/src/input/",
      "check": "layout",
      "file": ".claude/rules/05-file-placement.md",
      "line": 0,
      "also": [],
      "count": 1,
      "baseline_count": 1,
      "target": "missing:kernel/src/input/",
      "message": "rule 05 does not list kernel/src/input/",
      "detail": "",
      "new": false,
      "accepted": null
    },
    {
      "key": "pointer-doctor|.claude/agents/code-reviewer.md|claude-md:Quality Gates",
      "check": "pointer-doctor",
      "file": ".claude/agents/code-reviewer.md",
      "line": 14,
      "also": [],
      "count": 1,
      "baseline_count": 1,
      "target": "claude-md:Quality Gates",
      "message": "points to CLAUDE.md 'Quality Gates', which now lives in .claude/rules/02-quality-gates.md",
      "detail": "",
      "new": false,
      "accepted": null
    },
    {
      "key": "pointer-doctor|.claude/agents/doc-writer.md|claude-md:Architecture Document Map",
      "check": "pointer-doctor",
      "file": ".claude/agents/doc-writer.md",
      "line": 15,
      "also": [],
      "count": 1,
      "baseline_count": 1,
      "target": "claude-md:Architecture Document Map",
      "message": "points to CLAUDE.md 'Architecture Document Map', which is only a pointer stub now",
      "detail": "",
      "new": false,
      "accepted": null
    },
    {
      "key": "pointer-doctor|.claude/agents/doc-writer.md|claude-md:Milestone Numbering",
      "check": "pointer-doctor",
      "file": ".claude/agents/doc-writer.md",
      "line": 16,
      "also": [],
      "count": 1,
      "baseline_count": 1,
      "target": "claude-md:Milestone Numbering",
      "message": "points to CLAUDE.md 'Milestone Numbering', which is not a section of CLAUDE.md",
      "detail": "",
      "new": false,
      "accepted": null
    },
    {
      "key": "pointer-doctor|.claude/agents/kernel-dev.md|tool:MultiEdit",
      "check": "pointer-doctor",
      "file": ".claude/agents/kernel-dev.md",
      "line": 6,
      "also": [],
      "count": 1,
      "baseline_count": 1,
      "target": "tool:MultiEdit",
      "message": "tools: lists unknown tool MultiEdit",
      "detail": "",
      "new": false,
      "accepted": null
    },
    {
      "key": "pointer-doctor|.claude/agents/kernel-dev.md|claude-md:Code Conventions",
      "check": "pointer-doctor",
      "file": ".claude/agents/kernel-dev.md",
      "line": 16,
      "also": [],
      "count": 1,
      "baseline_count": 1,
      "target": "claude-md:Code Conventions",
      "message": "points to CLAUDE.md 'Code Conventions', which now lives in .claude/rules/01-code-conventions.md",
      "detail": "",
      "new": false,
      "accepted": null
    },
    {
      "key": "pointer-doctor|.claude/agents/team-lead.md|claude-md:Architecture Document Map",
      "check": "pointer-doctor",
      "file": ".claude/agents/team-lead.md",
      "line": 29,
      "also": [],
      "count": 1,
      "baseline_count": 1,
      "target": "claude-md:Architecture Document Map",
      "message": "points to CLAUDE.md 'Architecture Document Map', which is only a pointer stub now",
      "detail": "",
      "new": false,
      "accepted": null
    },
    {
      "key": "pointer-doctor|.claude/agents/team-lead.md|claude-md:Code Conventions",
      "check": "pointer-doctor",
      "file": ".claude/agents/team-lead.md",
      "line": 29,
      "also": [],
      "count": 1,
      "baseline_count": 1,
      "target": "claude-md:Code Conventions",
      "message": "points to CLAUDE.md 'Code Conventions', which now lives in .claude/rules/01-code-conventions.md",
      "detail": "",
      "new": false,
      "accepted": null
    },
    {
      "key": "pointer-doctor|.claude/agents/team-lead.md|claude-md:Quality Gates",
      "check": "pointer-doctor",
      "file": ".claude/agents/team-lead.md",
      "line": 29,
      "also": [],
      "count": 1,
      "baseline_count": 1,
      "target": "claude-md:Quality Gates",
      "message": "points to CLAUDE.md 'Quality Gates', which now lives in .claude/rules/02-quality-gates.md",
      "detail": "",
      "new": false,
      "accepted": null
    },
    {
      "key": "pointer-doctor|.claude/agents/verifier.md|claude-md:Key Facts",
      "check": "pointer-doctor",
      "file": ".claude/agents/verifier.md",
      "line": 21,
      "also": [],
      "count": 1,
      "baseline_count": 1,
      "target": "claude-md:Key Facts",
      "message": "points to CLAUDE.md 'Key Facts', which is not a section of CLAUDE.md",
      "detail": "",
      "new": false,
      "accepted": null
    },
    {
      "key": "pointer-doctor|.claude/rules/04-phase-workflow.md|claude-md:Architecture Document Map",
      "check": "pointer-doctor",
      "file": ".claude/rules/04-phase-workflow.md",
      "line": 14,
      "also": [],
      "count": 1,
      "baseline_count": 1,
      "target": "claude-md:Architecture Document Map",
      "message": "points to CLAUDE.md 'Architecture Document Map', which is only a pointer stub now",
      "detail": "",
      "new": false,
      "accepted": null
    },
    {
      "key": "pointer-doctor|.claude/rules/08-knowledge-hive.md|claude-md:Architecture Document Map",
      "check": "pointer-doctor",
      "file": ".claude/rules/08-knowledge-hive.md",
      "line": 26,
      "also": [],
      "count": 1,
      "baseline_count": 1,
      "target": "claude-md:Architecture Document Map",
      "message": "points to CLAUDE.md 'Architecture Document Map', which is only a pointer stub now",
      "detail": "",
      "new": false,
      "accepted": null
    },
    {
      "key": "pointer-doctor|.claude/skills/generate-phase-doc/SKILL.md|claude-md:Architecture Document Map",
      "check": "pointer-doctor",
      "file": ".claude/skills/generate-phase-doc/SKILL.md",
      "line": 16,
      "also": [],
      "count": 1,
      "baseline_count": 1,
      "target": "claude-md:Architecture Document Map",
      "message": "points to CLAUDE.md 'Architecture Document Map', which is only a pointer stub now",
      "detail": "",
      "new": false,
      "accepted": null
    },
    {
      "key": "pointer-doctor|.claude/skills/implement-phase/SKILL.md|claude-md:Code Conventions",
      "check": "pointer-doctor",
      "file": ".claude/skills/implement-phase/SKILL.md",
      "line": 30,
      "also": [
        109
      ],
      "count": 2,
      "baseline_count": 2,
      "target": "claude-md:Code Conventions",
      "message": "points to CLAUDE.md 'Code Conventions', which now lives in .claude/rules/01-code-conventions.md",
      "detail": "",
      "new": false,
      "accepted": null
    },
    {
      "key": "pointer-doctor|.claude/skills/implement-phase/SKILL.md|claude-md:Quality Gates",
      "check": "pointer-doctor",
      "file": ".claude/skills/implement-phase/SKILL.md",
      "line": 30,
      "also": [
        109
      ],
      "count": 2,
      "baseline_count": 2,
      "target": "claude-md:Quality Gates",
      "message": "points to CLAUDE.md 'Quality Gates', which now lives in .claude/rules/02-quality-gates.md",
      "detail": "",
      "new": false,
      "accepted": null
    },
    {
      "key": "pointer-doctor|.claude/skills/verify-phase/SKILL.md|claude-md:Quality Gates",
      "check": "pointer-doctor",
      "file": ".claude/skills/verify-phase/SKILL.md",
      "line": 11,
      "also": [],
      "count": 1,
      "baseline_count": 1,
      "target": "claude-md:Quality Gates",
      "message": "points to CLAUDE.md 'Quality Gates', which now lives in .claude/rules/02-quality-gates.md",
      "detail": "",
      "new": false,
      "accepted": null
    },
    {
      "key": "pointer-doctor|.claude/skills/write-arch-doc/SKILL.md|claude-md:Architecture Document Map",
      "check": "pointer-doctor",
      "file": ".claude/skills/write-arch-doc/SKILL.md",
      "line": 44,
      "also": [
        254,
        264
      ],
      "count": 3,
      "baseline_count": 3,
      "target": "claude-md:Architecture Document Map",
      "message": "points to CLAUDE.md 'Architecture Document Map', which is only a pointer stub now",
      "detail": "",
      "new": false,
      "accepted": null
    },
    {
      "key": "pointer-doctor|.claude/skills/write-arch-doc/SKILL.md|path:docs/security/security.md",
      "check": "pointer-doctor",
      "file": ".claude/skills/write-arch-doc/SKILL.md",
      "line": 222,
      "also": [],
      "count": 1,
      "baseline_count": 1,
      "target": "path:docs/security/security.md",
      "message": "path does not exist: docs/security/security.md",
      "detail": "",
      "new": false,
      "accepted": "false positive: the line cites docs/security/security.md on purpose as the hub name to avoid ('model.md instead of security.md')"
    },
    {
      "key": "knowledge-hygiene|docs/knowledge/research/2026-03-18-claude-inference-engine-techniques-survey.md|name",
      "check": "knowledge-hygiene",
      "file": "docs/knowledge/research/2026-03-18-claude-inference-engine-techniques-survey.md",
      "line": 0,
      "also": [],
      "count": 1,
      "baseline_count": 1,
      "target": "name",
      "message": "file name is not YYYY-MM-DD-initials-short-description.md",
      "detail": "",
      "new": false,
      "accepted": null
    },
    {
      "key": "knowledge-hygiene|docs/knowledge/research/2026-03-18-inference-integration-survey.md|name",
      "check": "knowledge-hygiene",
      "file": "docs/knowledge/research/2026-03-18-inference-integration-survey.md",
      "line": 0,
      "also": [],
      "count": 1,
      "baseline_count": 1,
      "target": "name",
      "message": "file name is not YYYY-MM-DD-initials-short-description.md",
      "detail": "",
      "new": false,
      "accepted": null
    }
  ],
  "resolved": [],
  "reduced": {}
}
