exit 0
--- stdout
cases/clean-text.txt  CLEAN        tick=2000   stall=1s    [EL1,BOOT,G1PASS,G1DONE]
cases/panic-with-message.txt  PANIC        tick=1000   stall=-     [-]  lb_last=no  PANIC: panicked at kernel/src/sched/mod.rs:120:9: / assertion failed: thread.state == Ready
    first fatal: PANIC: panicked at kernel/src/sched/mod.rs:120:9: / assertion failed: thread.state == Ready
    last INFO:   -
                 -
                 [   2.000000] [0] INFO  Mm    frame allocator ready
--- stderr
